// Jest Snapshot v1, https://goo.gl/fbAQLP

exports[`13 part one input parsed 1`] = `
[
  {
    "columns": [
      "#.##..#",
      "..##...",
      "##..###",
      "#....#.",
      ".#..#.#",
      ".#..#.#",
      "#....#.",
      "##..###",
      "..##...",
    ],
    "rows": [
      "#.##..##.",
      "..#.##.#.",
      "##......#",
      "##......#",
      "..#.##.#.",
      "..##..##.",
      "#.#.##.#.",
    ],
  },
  {
    "columns": [
      "##.##.#",
      "...##..",
      "..####.",
      "..####.",
      "#..##..",
      "##....#",
      "..####.",
      "..####.",
      "###..##",
    ],
    "rows": [
      "#...##..#",
      "#....#..#",
      "..##..###",
      "#####.##.",
      "#####.##.",
      "..##..###",
      "#....#..#",
    ],
  },
]
`;
