// Jest Snapshot v1, https://goo.gl/fbAQLP

exports[`10 part 1 parses test input correctly 1`] = `
{
  "tiles": [
    {
      "symbol": ".",
      "x": 0,
      "y": 0,
    },
    {
      "symbol": ".",
      "x": 1,
      "y": 0,
    },
    {
      "symbol": ".",
      "x": 2,
      "y": 0,
    },
    {
      "symbol": ".",
      "x": 3,
      "y": 0,
    },
    {
      "symbol": ".",
      "x": 4,
      "y": 0,
    },
    {
      "symbol": ".",
      "x": 0,
      "y": 1,
    },
    {
      "symbol": "S",
      "x": 1,
      "y": 1,
    },
    {
      "symbol": "-",
      "x": 2,
      "y": 1,
    },
    {
      "symbol": "7",
      "x": 3,
      "y": 1,
    },
    {
      "symbol": ".",
      "x": 4,
      "y": 1,
    },
    {
      "symbol": ".",
      "x": 0,
      "y": 2,
    },
    {
      "symbol": "|",
      "x": 1,
      "y": 2,
    },
    {
      "symbol": ".",
      "x": 2,
      "y": 2,
    },
    {
      "symbol": "|",
      "x": 3,
      "y": 2,
    },
    {
      "symbol": ".",
      "x": 4,
      "y": 2,
    },
    {
      "symbol": ".",
      "x": 0,
      "y": 3,
    },
    {
      "symbol": "L",
      "x": 1,
      "y": 3,
    },
    {
      "symbol": "-",
      "x": 2,
      "y": 3,
    },
    {
      "symbol": "J",
      "x": 3,
      "y": 3,
    },
    {
      "symbol": ".",
      "x": 4,
      "y": 3,
    },
    {
      "symbol": ".",
      "x": 0,
      "y": 4,
    },
    {
      "symbol": ".",
      "x": 1,
      "y": 4,
    },
    {
      "symbol": ".",
      "x": 2,
      "y": 4,
    },
    {
      "symbol": ".",
      "x": 3,
      "y": 4,
    },
    {
      "symbol": ".",
      "x": 4,
      "y": 4,
    },
  ],
}
`;
